[templates.hibootstrap.com/tiva/default/index-6.html]
[templates.hibootstrap.com/tiva/default/assets/css/bootstrap.min.css]
[templates.hibootstrap.com/tiva/default/assets/css/owl.carousel.min.css]
[templates.hibootstrap.com/tiva/default/assets/css/owl.theme.default.min.css]
[templates.hibootstrap.com/tiva/default/assets/css/magnific-popup.css]
[templates.hibootstrap.com/tiva/default/assets/css/scrollcue.css]
[templates.hibootstrap.com/tiva/default/assets/css/aos.min.css]
[templates.hibootstrap.com/tiva/default/assets/css/fancybox.min.css]
[templates.hibootstrap.com/tiva/default/assets/css/odometer.min.css]
[templates.hibootstrap.com/tiva/default/assets/css/flaticon_tiva.css]
[templates.hibootstrap.com/tiva/default/assets/css/boxicons.min.css]
[templates.hibootstrap.com/tiva/default/assets/css/meanmenu.min.css]
[templates.hibootstrap.com/tiva/default/assets/css/style.css]
[backblue.gif]
[fade.gif]
[index.html]
[templates.hibootstrap.com/tiva/default/assets/css/responsive.css]
[templates.hibootstrap.com/tiva/default/assets/images/favicon.png]
[templates.hibootstrap.com/tiva/default/index.html]
[templates.hibootstrap.com/tiva/default/assets/images/logo.png]
[templates.hibootstrap.com/tiva/default/index-2.html]
[templates.hibootstrap.com/tiva/default/index-3.html]
[templates.hibootstrap.com/tiva/default/index-4.html]
[templates.hibootstrap.com/tiva/default/index-5.html]
[templates.hibootstrap.com/tiva/default/about.html]
[templates.hibootstrap.com/tiva/default/pricing.html]
[templates.hibootstrap.com/tiva/default/team.html]
[templates.hibootstrap.com/tiva/default/team-details.html]
[templates.hibootstrap.com/tiva/default/faq.html]
[templates.hibootstrap.com/tiva/default/testimonials.html]
[templates.hibootstrap.com/tiva/default/my-account.html]
[templates.hibootstrap.com/tiva/default/terms-conditions.html]
[templates.hibootstrap.com/tiva/default/privacy-policy.html]
[templates.hibootstrap.com/tiva/default/coming-soon.html]
[templates.hibootstrap.com/tiva/default/error.html]
[templates.hibootstrap.com/tiva/default/service.html]
[templates.hibootstrap.com/tiva/default/service-details.html]
[templates.hibootstrap.com/tiva/default/portfolio.html]
[templates.hibootstrap.com/tiva/default/portfolio-details.html]
[templates.hibootstrap.com/tiva/default/blog.html]
[templates.hibootstrap.com/tiva/default/blog-details.html]
[templates.hibootstrap.com/tiva/default/contact.html]
[templates.hibootstrap.com/tiva/default/assets/images/shape/hero-shape-2.png]
[templates.hibootstrap.com/tiva/default/assets/images/features/data-image-1.png]
[templates.hibootstrap.com/tiva/default/assets/images/features/data-image-2.png]
[templates.hibootstrap.com/tiva/default/assets/images/features/data-image-3.png]
[templates.hibootstrap.com/tiva/default/assets/images/shape/business-shape-1.png]
[templates.hibootstrap.com/tiva/default/assets/images/shape/business-shape-2.png]
[templates.hibootstrap.com/tiva/default/assets/images/about/about-image-1.png]
[templates.hibootstrap.com/tiva/default/assets/images/svg/service-1.svg]
[templates.hibootstrap.com/tiva/default/assets/images/svg/service-2.svg]
[templates.hibootstrap.com/tiva/default/assets/images/svg/service-3.svg]
[templates.hibootstrap.com/tiva/default/assets/images/svg/service-4.svg]
[templates.hibootstrap.com/tiva/default/assets/images/shape/service-shape-1.png]
[templates.hibootstrap.com/tiva/default/assets/images/shape/video-shape-1.png]
[templates.hibootstrap.com/tiva/default/assets/images/svg/play.svg]
[templates.hibootstrap.com/tiva/default/assets/images/shape/count-shape-1.png]
[templates.hibootstrap.com/tiva/default/assets/images/about/about-image-2.png]
[templates.hibootstrap.com/tiva/default/assets/images/shape/who-shape-1.png]
[templates.hibootstrap.com/tiva/default/assets/images/portfolio/portfolio-1.jpg]
[templates.hibootstrap.com/tiva/default/assets/images/portfolio/portfolio-2.jpg]
[templates.hibootstrap.com/tiva/default/assets/images/portfolio/portfolio-3.jpg]
[templates.hibootstrap.com/tiva/default/assets/images/logo/logo-1.png]
[templates.hibootstrap.com/tiva/default/assets/images/logo/logo-2.png]
[templates.hibootstrap.com/tiva/default/assets/images/logo/logo-3.png]
[templates.hibootstrap.com/tiva/default/assets/images/logo/logo-4.png]
[templates.hibootstrap.com/tiva/default/assets/images/shape/pricing-shape-1.png]
[templates.hibootstrap.com/tiva/default/assets/images/user/user-1.jpg]
[templates.hibootstrap.com/tiva/default/assets/images/about/about-image-3.png]
[templates.hibootstrap.com/tiva/default/assets/images/logo/logo-5.png]
[templates.hibootstrap.com/tiva/default/assets/images/logo/logo-6.png]
[templates.hibootstrap.com/tiva/default/assets/images/logo/logo-7.png]
[templates.hibootstrap.com/tiva/default/assets/images/logo/logo-8.png]
[templates.hibootstrap.com/tiva/default/assets/images/logo/logo-9.png]
[templates.hibootstrap.com/tiva/default/assets/images/logo/logo-10.png]
[templates.hibootstrap.com/tiva/default/assets/images/logo/logo-11.png]
[templates.hibootstrap.com/tiva/default/assets/images/logo/logo-12.png]
[templates.hibootstrap.com/tiva/default/assets/images/logo/logo-13.png]
[templates.hibootstrap.com/tiva/default/assets/images/shape/clients-shape-1.png]
[templates.hibootstrap.com/tiva/default/assets/images/blog/blog-1.jpg]
[templates.hibootstrap.com/tiva/default/assets/images/blog/blog-2.jpg]
[templates.hibootstrap.com/tiva/default/assets/images/blog/blog-3.jpg]
[templates.hibootstrap.com/tiva/default/assets/images/newsletter.jpg]
[templates.hibootstrap.com/tiva/default/assets/images/shape/subscribe-shape-1.png]
[templates.hibootstrap.com/tiva/default/assets/images/logo-2.png]
[templates.hibootstrap.com/cdn-cgi/scripts/5c5dd728/cloudflare-static/email-decode.min.js]
[templates.hibootstrap.com/tiva/default/assets/js/jquery.min.js]
[templates.hibootstrap.com/tiva/default/assets/js/bootstrap.bundle.min.js]
[templates.hibootstrap.com/tiva/default/assets/js/owl.carousel.min.js]
[templates.hibootstrap.com/tiva/default/assets/js/jquery.magnific-popup.min.js]
[templates.hibootstrap.com/tiva/default/assets/js/scrollcue.js]
[templates.hibootstrap.com/tiva/default/assets/js/aos.min.js]
[templates.hibootstrap.com/tiva/default/assets/js/fancybox.min.js]
[templates.hibootstrap.com/tiva/default/assets/js/appear.min.js]
[templates.hibootstrap.com/tiva/default/assets/js/odometer.min.js]
[templates.hibootstrap.com/tiva/default/assets/js/meanmenu.min.js]
[templates.hibootstrap.com/tiva/default/assets/js/form-validator.min.js]
[templates.hibootstrap.com/tiva/default/assets/js/contact-form-script.js]
[templates.hibootstrap.com/tiva/default/assets/js/jquery.ajaxchimp.min.js]
[templates.hibootstrap.com/tiva/default/index-6.html]
[templates.hibootstrap.com/tiva/default/assets/css/bootstrap.min.css]
[templates.hibootstrap.com/tiva/default/assets/js/main.js]
[templates.hibootstrap.com/tiva/default/assets/css/owl.video.play.png]
[templates.hibootstrap.com/tiva/default/assets/css/owl.carousel.min.css]
[templates.hibootstrap.com/tiva/default/assets/css/owl.theme.default.min.css]
[templates.hibootstrap.com/tiva/default/assets/css/magnific-popup.css]
[templates.hibootstrap.com/tiva/default/assets/css/scrollcue.css]
[templates.hibootstrap.com/tiva/default/assets/css/aos.min.css]
[templates.hibootstrap.com/tiva/default/assets/css/fancybox.min.css]
[templates.hibootstrap.com/tiva/default/assets/css/odometer.min.css]
[templates.hibootstrap.com/tiva/default/assets/fonts/flaticon_tivade1b.ttf]
[templates.hibootstrap.com/tiva/default/assets/fonts/flaticon_tivade1b.woff]
[templates.hibootstrap.com/tiva/default/assets/fonts/flaticon_tivade1b.woff2]
[templates.hibootstrap.com/tiva/default/assets/fonts/flaticon_tivade1b.eot]
[templates.hibootstrap.com/tiva/default/assets/css/flaticon_tiva.css]
[templates.hibootstrap.com/tiva/default/assets/fonts/flaticon_tivade1b.svg]
[templates.hibootstrap.com/tiva/default/assets/fonts/boxicons.woff2]
[templates.hibootstrap.com/tiva/default/assets/fonts/boxicons.eot]
[templates.hibootstrap.com/tiva/default/assets/fonts/boxicons.woff]
[templates.hibootstrap.com/tiva/default/assets/fonts/boxicons.ttf]
[templates.hibootstrap.com/tiva/default/assets/css/boxicons.min.css]
[templates.hibootstrap.com/tiva/default/assets/css/meanmenu.min.css]
[templates.hibootstrap.com/tiva/default/assets/fonts/boxiconsd41d.svg]
[templates.hibootstrap.com/tiva/default/assets/images/background/background-image-5.jpg]
[templates.hibootstrap.com/tiva/default/assets/css/style.css]
[templates.hibootstrap.com/tiva/default/assets/css/responsive.css]
[templates.hibootstrap.com/tiva/default/assets/images/hero/hero-image-1.png]
[templates.hibootstrap.com/tiva/default/index.html]
[templates.hibootstrap.com/tiva/default/assets/images/hero/hero-image-3.png]
[templates.hibootstrap.com/tiva/default/assets/images/shape/hero-shape-4.png]
[templates.hibootstrap.com/tiva/default/assets/images/shape/big-shape-3.png]
[templates.hibootstrap.com/tiva/default/assets/images/shape/big-shape-2.png]
[templates.hibootstrap.com/tiva/default/assets/images/shape/analytics-shape-1.png]
[templates.hibootstrap.com/tiva/default/assets/images/shape/analytics-shape-2.png]
[templates.hibootstrap.com/tiva/default/assets/images/about/about-image-4.png]
[templates.hibootstrap.com/tiva/default/assets/images/provide/provide-1.png]
[templates.hibootstrap.com/tiva/default/assets/images/provide/provide-2.png]
[templates.hibootstrap.com/tiva/default/assets/images/provide/provide-3.png]
[templates.hibootstrap.com/tiva/default/assets/images/shape/count-shape-2.png]
[templates.hibootstrap.com/tiva/default/assets/images/shape/count-shape-3.png]
[templates.hibootstrap.com/tiva/default/assets/images/shape/count-shape-4.png]
[templates.hibootstrap.com/tiva/default/assets/images/about/about-image-5.png]
[templates.hibootstrap.com/tiva/default/assets/images/shape/pricing-shape-2.png]
[templates.hibootstrap.com/tiva/default/assets/images/about/about-image-6.png]
[templates.hibootstrap.com/tiva/default/assets/images/about/about-image-7.png]
[templates.hibootstrap.com/tiva/default/assets/images/svg/quote-1.svg]
[templates.hibootstrap.com/tiva/default/assets/images/user/user-2.jpg]
[templates.hibootstrap.com/tiva/default/index-2.html]
[templates.hibootstrap.com/tiva/default/assets/images/hero/data-3.png]
[templates.hibootstrap.com/tiva/default/assets/images/hero/data-2.png]
[templates.hibootstrap.com/tiva/default/assets/images/hero/data-1.png]
[templates.hibootstrap.com/tiva/default/assets/images/shape/big-shape-4.png]
[templates.hibootstrap.com/tiva/default/assets/images/shape/big-shape-5.png]
[templates.hibootstrap.com/tiva/default/assets/images/svg/service-5.svg]
[templates.hibootstrap.com/tiva/default/assets/images/svg/service-6.svg]
[templates.hibootstrap.com/tiva/default/assets/images/svg/service-7.svg]
[templates.hibootstrap.com/tiva/default/assets/images/svg/service-8.svg]
[templates.hibootstrap.com/tiva/default/assets/images/shape/service-shape-2.png]
[templates.hibootstrap.com/tiva/default/assets/images/about/about-image-8.png]
[templates.hibootstrap.com/tiva/default/assets/images/shape/check-shape-1.png]
[templates.hibootstrap.com/tiva/default/assets/images/portfolio/portfolio-4.jpg]
[templates.hibootstrap.com/tiva/default/assets/images/portfolio/portfolio-5.jpg]
[templates.hibootstrap.com/tiva/default/assets/images/shape/portfolio-shape-1.png]
[templates.hibootstrap.com/tiva/default/index-3.html]
[templates.hibootstrap.com/tiva/default/index-4.html]
[templates.hibootstrap.com/tiva/default/index-5.html]
[templates.hibootstrap.com/tiva/default/assets/images/about/about-image-9.png]
[templates.hibootstrap.com/tiva/default/about.html]
[templates.hibootstrap.com/tiva/default/pricing.html]
[templates.hibootstrap.com/tiva/default/assets/images/team/team-1.jpg]
[templates.hibootstrap.com/tiva/default/assets/images/team/team-2.jpg]
[templates.hibootstrap.com/tiva/default/assets/images/team/team-3.jpg]
[templates.hibootstrap.com/tiva/default/assets/images/team/team-4.jpg]
[templates.hibootstrap.com/tiva/default/assets/images/team/team-5.jpg]
[templates.hibootstrap.com/tiva/default/assets/images/team/team-6.jpg]
[templates.hibootstrap.com/tiva/default/assets/images/team/team-7.jpg]
[templates.hibootstrap.com/tiva/default/assets/images/team/team-8.jpg]
[templates.hibootstrap.com/tiva/default/assets/images/shape/shape-1.png]
[templates.hibootstrap.com/tiva/default/team.html]
[templates.hibootstrap.com/tiva/default/assets/images/team/team-9.jpg]
[templates.hibootstrap.com/tiva/default/team-details.html]
[templates.hibootstrap.com/tiva/default/faq.html]
[templates.hibootstrap.com/tiva/default/assets/images/svg/download.svg]
[templates.hibootstrap.com/tiva/default/assets/images/user/user-3.jpg]
[templates.hibootstrap.com/tiva/default/assets/images/user/user-4.jpg]
[templates.hibootstrap.com/tiva/default/assets/images/user/user-5.jpg]
[templates.hibootstrap.com/tiva/default/assets/images/user/user-6.jpg]
[templates.hibootstrap.com/tiva/default/testimonials.html]
[templates.hibootstrap.com/tiva/default/my-account.html]
[templates.hibootstrap.com/tiva/default/assets/images/blog/blog-10.jpg]
[templates.hibootstrap.com/tiva/default/terms-conditions.html]
[templates.hibootstrap.com/tiva/default/assets/images/blog/blog-9.jpg]
[templates.hibootstrap.com/tiva/default/privacy-policy.html]
[templates.hibootstrap.com/tiva/default/coming-soon.html]
[templates.hibootstrap.com/tiva/default/error.html]
[templates.hibootstrap.com/tiva/default/assets/images/svg/service-9.svg]
[templates.hibootstrap.com/tiva/default/assets/images/svg/service-10.svg]
[templates.hibootstrap.com/tiva/default/assets/images/svg/service-11.svg]
[templates.hibootstrap.com/tiva/default/service.html]
[templates.hibootstrap.com/tiva/default/service-details.html]
[templates.hibootstrap.com/tiva/default/assets/images/svg/service-12.svg]
[templates.hibootstrap.com/tiva/default/assets/images/portfolio/portfolio-9.jpg]
[templates.hibootstrap.com/tiva/default/assets/images/portfolio/portfolio-10.jpg]
[templates.hibootstrap.com/tiva/default/assets/images/portfolio/portfolio-11.jpg]
[templates.hibootstrap.com/tiva/default/assets/images/about/about-image-10.png]
[templates.hibootstrap.com/tiva/default/portfolio.html]
[templates.hibootstrap.com/tiva/default/assets/images/shape/portfolio-shape-2.png]
[templates.hibootstrap.com/tiva/default/portfolio-details.html]
[templates.hibootstrap.com/tiva/default/assets/images/blog/blog-5.jpg]
[templates.hibootstrap.com/tiva/default/assets/images/blog/blog-4.jpg]
[templates.hibootstrap.com/tiva/default/assets/images/blog/blog-6.jpg]
[templates.hibootstrap.com/tiva/default/blog.html]
[templates.hibootstrap.com/tiva/default/assets/images/svg/quote-2.svg]
[templates.hibootstrap.com/tiva/default/assets/images/blog/blog-7.jpg]
[templates.hibootstrap.com/tiva/default/assets/images/blog/blog-8.jpg]
[templates.hibootstrap.com/tiva/default/blog-details.html]
[templates.hibootstrap.com/tiva/default/assets/images/shape/contact-shape-1.png]
[templates.hibootstrap.com/tiva/default/contact.html]
[templates.hibootstrap.com/tiva/default/assets/images/svg/service-1.svg]
[templates.hibootstrap.com/tiva/default/assets/images/svg/service-2.svg]
[templates.hibootstrap.com/tiva/default/assets/images/svg/service-3.svg]
[templates.hibootstrap.com/tiva/default/assets/images/svg/service-4.svg]
[templates.hibootstrap.com/tiva/default/assets/images/svg/play.svg]
[templates.hibootstrap.com/tiva/default/assets/css/owl.video.play.html]
[templates.hibootstrap.com/tiva/default/assets/fonts/flaticon_tivade1b.svg]
[templates.hibootstrap.com/tiva/default/assets/fonts/boxiconsd41d.svg]
[templates.hibootstrap.com/tiva/default/assets/images/svg/quote-1.svg]
[templates.hibootstrap.com/tiva/default/assets/images/svg/service-5.svg]
[templates.hibootstrap.com/tiva/default/assets/images/svg/service-6.svg]
[templates.hibootstrap.com/tiva/default/assets/images/svg/service-7.svg]
[templates.hibootstrap.com/tiva/default/assets/images/svg/service-8.svg]
[templates.hibootstrap.com/tiva/default/assets/images/svg/download.svg]
[templates.hibootstrap.com/tiva/default/assets/images/svg/service-9.svg]
[templates.hibootstrap.com/tiva/default/assets/images/svg/service-10.svg]
[templates.hibootstrap.com/tiva/default/assets/images/svg/service-11.svg]
[templates.hibootstrap.com/tiva/default/assets/images/svg/service-12.svg]
[templates.hibootstrap.com/tiva/default/assets/images/svg/quote-2.svg]
